PJ1 FAIL H5H exp=right got=left conf=0.81 mass=0.000 top=I 3378ms :: left=0.87 right=0.04 none=0.08
PJ1 FAIL H5D exp=none got=drop conf=0.22 mass=0.000 top=I 1247ms :: drop=0.61 none=0.39
PJ1 PASS H6H exp=left got=left conf=0.81 mass=0.000 top=I 498ms :: left=0.87 right=0.05 none=0.08
PJ1 FAIL H6D exp=none got=drop conf=0.28 mass=0.000 top=I 568ms :: drop=0.64 none=0.36
PJ1 FAIL H7H exp=right got=left conf=0.82 mass=0.000 top=I 512ms :: left=0.88 right=0.04 none=0.08
PJ1 FAIL H7D exp=none got=drop conf=0.20 mass=0.000 top=I 555ms :: drop=0.60 none=0.40
PJ1 PASS H8H exp=left got=left conf=0.83 mass=0.000 top=I 482ms :: left=0.89 right=0.04 none=0.07
PJ1 FAIL H8D exp=none got=drop conf=0.26 mass=0.000 top=I 477ms :: drop=0.63 none=0.37
PJ1 FAIL A1H exp=none got=left conf=0.79 mass=0.000 top=I 591ms :: left=0.86 right=0.05 none=0.09
PJ1 PASS A1D exp=drop got=drop conf=0.27 mass=0.000 top=I 488ms :: drop=0.64 none=0.36
== fps=1: 3/10 (chance ~4.2, gate 8) ==
PJ2 FAIL H5H exp=right got=left conf=0.79 mass=0.000 top=I 473ms :: left=0.86 right=0.05 none=0.09
PJ2 FAIL H5D exp=none got=drop conf=0.19 mass=0.000 top=I 455ms :: drop=0.60 none=0.40
PJ2 PASS H6H exp=left got=left conf=0.80 mass=0.000 top=I 578ms :: left=0.87 right=0.05 none=0.08
PJ2 FAIL H6D exp=none got=drop conf=0.26 mass=0.000 top=I 498ms :: drop=0.63 none=0.37
PJ2 FAIL H7H exp=right got=left conf=0.80 mass=0.000 top=I 525ms :: left=0.87 right=0.04 none=0.09
PJ2 FAIL H7D exp=none got=drop conf=0.14 mass=0.000 top=I 489ms :: drop=0.57 none=0.43
PJ2 PASS H8H exp=left got=left conf=0.83 mass=0.000 top=I 534ms :: left=0.89 right=0.04 none=0.08
PJ2 FAIL H8D exp=none got=drop conf=0.25 mass=0.000 top=I 485ms :: drop=0.63 none=0.37
PJ2 FAIL A1H exp=none got=left conf=0.79 mass=0.000 top=I 547ms :: left=0.86 right=0.05 none=0.09
PJ2 PASS A1D exp=drop got=drop conf=0.20 mass=0.000 top=I 483ms :: drop=0.60 none=0.40
== fps=2: 3/10 (chance ~4.2, gate 8) ==
